root@tegra-ubuntu:~/rc_genicam_api/build/tools# ./gc_config 40066865 "Width"=1920
[INFO] -Start heartbeat thread.
[WARNING] - Message channel is available, but EVENT or EVENTDATA commands not enabled in the GVCP Capability register.
[INFO] -Message channel is not available.
[INFO] -GEV Version: 2.1
[INFO] -Stream channel is available.
[INFO] -Init device time: 02:57:11
[INFO] - Message channel not Supported
[INFO] -Close device time: 02:57:11
root@tegra-ubuntu:~/rc_genicam_api/build/tools# ./gc_config 40066865 "Height"=1080
[INFO] -Start heartbeat thread.
[WARNING] - Message channel is available, but EVENT or EVENTDATA commands not enabled in the GVCP Capability register.
[INFO] -Message channel is not available.
[INFO] -GEV Version: 2.1
[INFO] -Stream channel is available.
[INFO] -Init device time: 02:57:37
[INFO] - Message channel not Supported
[INFO] -Close device time: 02:57:37

root@tegra-ubuntu:~/rc_genicam_api/build/tools# ./gc_config 40066865 "Gamma"=1.0
[INFO] -Start heartbeat thread.
[WARNING] - Message channel is available, but EVENT or EVENTDATA commands not enabled in the GVCP Capability register.
[INFO] -Message channel is not available.
[INFO] -GEV Version: 2.1
[INFO] -Stream channel is available.
[INFO] -Init device time: 03:00:56
[INFO] - Message channel not Supported
[INFO] -Close device time: 03:00:57

root@tegra-ubuntu:~/rc_genicam_api/build/tools# ./gc_config 40066865 "Gamma"=4.0
[INFO] -Start heartbeat thread.
[WARNING] - Message channel is available, but EVENT or EVENTDATA commands not enabled in the GVCP Capability register.
[INFO] -Message channel is not available.
[INFO] -GEV Version: 2.1
[INFO] -Stream channel is available.
[INFO] -Init device time: 03:12:53
[INFO] - Message channel not Supported
[INFO] -Close device time: 03:12:53
Value 4.000000 must be smaller than or equal 3.999985. : OutOfRangeException thrown in node 'Gamma' while calling 'Gamma.SetValue()' (file 'FloatT.h', line 89)

root@tegra-ubuntu:~/rc_genicam_api/build/tools# ./gc_config 40066865 "GevCurrentIPConfigurationLLA"="0"
[INFO] -Start heartbeat thread.
[WARNING] - Message channel is available, but EVENT or EVENTDATA commands not enabled in the GVCP Capability register.
[INFO] -Message channel is not available.
[INFO] -GEV Version: 2.1
[INFO] -Stream channel is available.
[INFO] -Init device time: 03:11:03
[INFO] - Message channel not Supported
[INFO] -Close device time: 03:11:03
Feature not found: GevCurrentIPConfigurationLLA
root@tegra-ubuntu:~/rc_genicam_api/build/tools# ./gc_config 40066865 "GevCurrentIPConfigurationDHCP"="0"
[INFO] -Start heartbeat thread.
[WARNING] - Message channel is available, but EVENT or EVENTDATA commands not enabled in the GVCP Capability register.
[INFO] -Message channel is not available.
[INFO] -GEV Version: 2.1
[INFO] -Stream channel is available.
[INFO] -Init device time: 03:11:34
[INFO] - Message channel not Supported
[INFO] -Close device time: 03:11:35
Feature not found: GevCurrentIPConfigurationDHCP
root@tegra-ubuntu:~/rc_genicam_api/build/tools# ./gc_config 40066865 "GevCurrentIPConfigurationPersistentIP"="0"
[INFO] -Start heartbeat thread.
[WARNING] - Message channel is available, but EVENT or EVENTDATA commands not enabled in the GVCP Capability register.
[INFO] -Message channel is not available.
[INFO] -GEV Version: 2.1
[INFO] -Stream channel is available.
[INFO] -Init device time: 03:11:57
[INFO] - Message channel not Supported
[INFO] -Close device time: 03:11:57
Feature not found: GevCurrentIPConfigurationPersistentIP



